2026-10-06 18:39:58 | INFO    | itch_scraper | starting itch.io scrape | pages<= 3 | details=True
2026-10-06 18:40:00 | INFO    | itch_scraper | robots.txt loaded (8 disallow rule(s): /embed/, /embed-upload/, /search, /checkout/, /game/download/, /bundle/download/, /register-for-purchase/, /email-feedback/)
2026-10-06 18:40:01 | INFO    | itch_scraper | robots.txt loaded (9 disallow rule(s): /share/, /news/externalpost/, /account/emailoptout/?*token=, /account/notificationsettings/?*token=, /login/?*guestpasskey=, /join/?*redir=, /account/ackgift/, /email/, /widget/)
2026-10-06 18:40:03 | INFO    | itch_scraper | page 1 of https://itch.io/games/tag-horror -> 36 games
2026-10-06 18:40:05 | INFO    | itch_scraper | page 2 of https://itch.io/?page=2 -> 66 games
2026-10-06 18:40:06 | INFO    | itch_scraper | page 1 of https://itch.io/games/newest/tag-horror -> 36 games
2026-10-06 18:40:06 | INFO    | itch_scraper | cache hit  https://itch.io/?page=2 (2 s old)
2026-10-06 18:40:06 | INFO    | itch_scraper | page 2 of https://itch.io/?page=2 -> 66 games
2026-10-06 18:40:06 | INFO    | itch_scraper | collected 204 listing rows from 2 source(s)
2026-10-06 18:40:06 | INFO    | itch_scraper | detail requests capped at 120 of 133 unique games
2026-10-06 18:40:33 | INFO    | itch_scraper | details: 20/120 fetched
2026-10-06 18:41:06 | INFO    | itch_scraper | details: 40/120 fetched
2026-10-06 18:41:31 | INFO    | itch_scraper | starting itch.io scrape | pages<= 3 | details=True
2026-10-06 18:41:31 | INFO    | itch_scraper | cache hit  https://itch.io/robots.txt (91 s old)
2026-10-06 18:41:31 | INFO    | itch_scraper | robots.txt loaded (8 disallow rule(s): /embed/, /embed-upload/, /search, /checkout/, /game/download/, /bundle/download/, /register-for-purchase/, /email-feedback/)
2026-10-06 18:41:31 | INFO    | itch_scraper | cache hit  https://store.steampowered.com/robots.txt (90 s old)
2026-10-06 18:41:31 | INFO    | itch_scraper | robots.txt loaded (9 disallow rule(s): /share/, /news/externalpost/, /account/emailoptout/?*token=, /account/notificationsettings/?*token=, /login/?*guestpasskey=, /join/?*redir=, /account/ackgift/, /email/, /widget/)
2026-10-06 18:41:31 | INFO    | itch_scraper | cache hit  https://itch.io/games/tag-horror (88 s old)
2026-10-06 18:41:31 | INFO    | itch_scraper | page 1 of https://itch.io/games/tag-horror -> 36 games
2026-10-06 18:41:31 | INFO    | itch_scraper | cache hit  https://itch.io/?page=2 (87 s old)
2026-10-06 18:41:31 | INFO    | itch_scraper | page 2 of https://itch.io/?page=2 -> 66 games
2026-10-06 18:41:31 | INFO    | itch_scraper | cache hit  https://itch.io/games/newest/tag-horror (85 s old)
2026-10-06 18:41:31 | INFO    | itch_scraper | page 1 of https://itch.io/games/newest/tag-horror -> 36 games
2026-10-06 18:41:31 | INFO    | itch_scraper | cache hit  https://itch.io/?page=2 (87 s old)
2026-10-06 18:41:31 | INFO    | itch_scraper | page 2 of https://itch.io/?page=2 -> 66 games
2026-10-06 18:41:31 | INFO    | itch_scraper | collected 204 listing rows from 2 source(s)
2026-10-06 18:41:31 | INFO    | itch_scraper | detail requests capped at 120 of 133 unique games
2026-10-06 18:41:31 | INFO    | itch_scraper | cache hit  https://zieelane.itch.io/helping-your-boyfriend (84 s old)
2026-10-06 18:41:31 | INFO    | itch_scraper | cache hit  https://posmnaut.itch.io/pig-iron (82 s old)
2026-10-06 18:41:32 | INFO    | itch_scraper | cache hit  https://entityzeta.itch.io/caso-northport (81 s old)
2026-10-06 18:41:32 | INFO    | itch_scraper | cache hit  https://the-blue-hatted.itch.io/fnaftheflipside (79 s old)
2026-10-06 18:41:32 | INFO    | itch_scraper | cache hit  https://junekazoo.itch.io/bleeding-in-ink (79 s old)
2026-10-06 18:41:32 | INFO    | itch_scraper | cache hit  https://3005jin.itch.io/sweet-instincts (77 s old)
2026-10-06 18:41:32 | INFO    | itch_scraper | cache hit  https://garula.itch.io/the-freak-circus (75 s old)
2026-10-06 18:41:32 | INFO    | itch_scraper | cache hit  https://mrdrnose.itch.io/votv (74 s old)
2026-10-06 18:41:32 | INFO    | itch_scraper | cache hit  https://nukepop.itch.io/save-the-shapes-chapter-2-diamonds-revenge (72 s old)
2026-10-06 18:41:32 | INFO    | itch_scraper | cache hit  https://mookichuu.itch.io/overdose (71 s old)
2026-10-06 18:41:32 | INFO    | itch_scraper | cache hit  https://ossuario.itch.io/my-own-sweet-dionaea (69 s old)
2026-10-06 18:41:32 | INFO    | itch_scraper | cache hit  https://xlaucifer.itch.io/remember (68 s old)
2026-10-06 18:41:32 | INFO    | itch_scraper | cache hit  https://teamsalvato.itch.io/ddlc (67 s old)
2026-10-06 18:41:32 | INFO    | itch_scraper | cache hit  https://dacuriblue.itch.io/thegardener (66 s old)
2026-10-06 18:41:32 | INFO    | itch_scraper | cache hit  https://comfortkuma.itch.io/next-station-the-moon (65 s old)
2026-10-06 18:41:32 | INFO    | itch_scraper | cache hit  https://cutiesai.itch.io/14dayswithyou (63 s old)
2026-10-06 18:41:32 | INFO    | itch_scraper | cache hit  https://iamderlencer.itch.io/keep-it-on (62 s old)
2026-10-06 18:41:32 | INFO    | itch_scraper | cache hit  https://selyk-alien.itch.io/obsession (61 s old)
2026-10-06 18:41:32 | INFO    | itch_scraper | cache hit  https://redspringstudio.itch.io/touchstarved (60 s old)
2026-10-06 18:41:32 | INFO    | itch_scraper | cache hit  https://sourmiiiilk.itch.io/online-obsession (59 s old)
2026-10-06 18:41:32 | INFO    | itch_scraper | details: 20/120 fetched
2026-10-06 18:41:32 | INFO    | itch_scraper | cache hit  https://livingslime.itch.io/prescriptionlove (57 s old)
2026-10-06 18:41:32 | INFO    | itch_scraper | cache hit  https://puppetcombo.itch.io/nun-massacre (55 s old)
2026-10-06 18:41:32 | INFO    | itch_scraper | cache hit  https://zv-games.itch.io/roseandcross (54 s old)
2026-10-06 18:41:32 | INFO    | itch_scraper | cache hit  https://raycastly.itch.io/stoned (52 s old)
2026-10-06 18:41:32 | INFO    | itch_scraper | cache hit  https://llonelly.itch.io/jackknife (51 s old)
2026-10-06 18:41:33 | INFO    | itch_scraper | cache hit  https://comfortkuma.itch.io/knee-deep (50 s old)
2026-10-06 18:41:33 | INFO    | itch_scraper | cache hit  https://arghbulous.itch.io/the-muzeum (48 s old)
2026-10-06 18:41:33 | INFO    | itch_scraper | cache hit  https://eternal-kosetsu.itch.io/burnt-toast (46 s old)
2026-10-06 18:41:33 | INFO    | itch_scraper | cache hit  https://kittyhorrorshow.itch.io/anatomy (45 s old)
2026-10-06 18:41:33 | INFO    | itch_scraper | cache hit  https://thewindyproject.itch.io/bleach-and-blood (43 s old)
2026-10-06 18:41:33 | INFO    | itch_scraper | cache hit  https://nso9019.itch.io/roam (42 s old)
2026-10-06 18:41:33 | INFO    | itch_scraper | cache hit  https://racheldrawsthis.itch.io/elevator-hitch (40 s old)
2026-10-06 18:41:33 | INFO    | itch_scraper | cache hit  https://oxtord.itch.io/mrtomatos (38 s old)
2026-10-06 18:41:33 | INFO    | itch_scraper | cache hit  https://racheldrawsthis.itch.io/dead-plate (37 s old)
2026-10-06 18:41:33 | INFO    | itch_scraper | cache hit  https://sfour-s4.itch.io/how-to-date-an-entity (36 s old)
2026-10-06 18:41:33 | INFO    | itch_scraper | cache hit  https://colourplay-games.itch.io/the-arcade-demo (34 s old)
2026-10-06 18:41:33 | INFO    | itch_scraper | cache hit  https://oddly-shaped-pixels.itch.io/alpine (33 s old)
2026-10-06 18:41:33 | INFO    | itch_scraper | cache hit  https://dalichrome.itch.io/house-rules (30 s old)
2026-10-06 18:41:33 | INFO    | itch_scraper | cache hit  https://prettyscar.itch.io/uppercute (29 s old)
2026-10-06 18:41:33 | INFO    | itch_scraper | cache hit  https://galaxytrail.itch.io/petal-crash-2 (28 s old)
2026-10-06 18:41:33 | INFO    | itch_scraper | details: 40/120 fetched
2026-10-06 18:41:33 | INFO    | itch_scraper | cache hit  https://placeholders.itch.io/tiny-brutalism (27 s old)
2026-10-06 18:41:33 | INFO    | itch_scraper | cache hit  https://cartomancyanthology.itch.io/cartomancy-anthology (25 s old)
2026-10-06 18:41:33 | INFO    | itch_scraper | cache hit  https://pizzapranks.itch.io/indiepocalypse-81 (23 s old)
2026-10-06 18:41:33 | INFO    | itch_scraper | cache hit  https://eastshadestudios.itch.io/songs-of-glimmerwick (22 s old)
2026-10-06 18:41:33 | INFO    | itch_scraper | cache hit  https://molleindustria.itch.io/future-no-thanks (20 s old)
2026-10-06 18:41:33 | INFO    | itch_scraper | cache hit  https://punkcake.itch.io/spaghetti-celesti (19 s old)
2026-10-06 18:41:34 | INFO    | itch_scraper | cache hit  https://managore.itch.io/throrbs (17 s old)
2026-10-06 18:41:34 | INFO    | itch_scraper | cache hit  https://dialobic.itch.io/swamp-and-luig (16 s old)
2026-10-06 18:41:34 | INFO    | itch_scraper | cache hit  https://psytronik.itch.io/joa (14 s old)
2026-10-06 18:41:34 | INFO    | itch_scraper | cache hit  https://leafo.itch.io/rock-declutterer (13 s old)
2026-10-06 18:41:34 | INFO    | itch_scraper | cache hit  https://dionous.itch.io/murder-on-space-station-52 (12 s old)
2026-10-06 18:41:34 | INFO    | itch_scraper | cache hit  https://fallahn.itch.io/super-video-golf (11 s old)
2026-10-06 18:41:34 | INFO    | itch_scraper | cache hit  https://sitrex.itch.io/eat-not-want-not (9 s old)
2026-10-06 18:41:34 | INFO    | itch_scraper | cache hit  https://akuparagames.itch.io/montabi (7 s old)
2026-10-06 18:41:44 | INFO    | itch_scraper | details: 60/120 fetched
2026-10-06 18:42:14 | INFO    | itch_scraper | details: 80/120 fetched
2026-10-06 18:42:43 | INFO    | itch_scraper | details: 100/120 fetched
2026-10-06 18:54:39 | INFO    | itch_scraper | starting combined scrape | sources=[] | pages<= 1
2026-10-06 18:54:39 | INFO    | itch_scraper | cache hit  https://itch.io/robots.txt (879 s old)
2026-10-06 18:54:39 | INFO    | itch_scraper | robots.txt loaded (8 disallow rule(s): /embed/, /embed-upload/, /search, /checkout/, /game/download/, /bundle/download/, /register-for-purchase/, /email-feedback/)
2026-10-06 18:54:39 | INFO    | itch_scraper | cache hit  https://store.steampowered.com/robots.txt (878 s old)
2026-10-06 18:54:39 | INFO    | itch_scraper | robots.txt loaded (9 disallow rule(s): /share/, /news/externalpost/, /account/emailoptout/?*token=, /account/notificationsettings/?*token=, /login/?*guestpasskey=, /join/?*redir=, /account/ackgift/, /email/, /widget/)
2026-10-06 18:54:40 | INFO    | itch_scraper | steam: no result rows on https://store.steampowered.com/search/?category_2=21&sortBy=Desc&count=75 (end of list or layout change) - stopping
2026-10-06 18:54:40 | INFO    | itch_scraper | steam: collected 0 listing rows from 1 source(s)
2026-10-06 18:54:40 | INFO    | itch_scraper | cleaning: 0 raw -> 0 rows (0 unique after dedupe pass), 0/1 carry a release date
2026-10-06 18:54:40 | INFO    | itch_scraper | cache hit  https://itch.io/games/tag-horror (877 s old)
2026-10-06 18:54:40 | INFO    | itch_scraper | page 1 of https://itch.io/games/tag-horror -> 36 games
2026-10-06 18:54:40 | INFO    | itch_scraper | cache hit  https://itch.io/games/newest/tag-horror (874 s old)
2026-10-06 18:54:41 | INFO    | itch_scraper | page 1 of https://itch.io/games/newest/tag-horror -> 36 games
2026-10-06 18:54:41 | INFO    | itch_scraper | collected 72 listing rows from 2 source(s)
2026-10-06 18:54:41 | INFO    | itch_scraper | cleaning: 72 raw -> 72 rows (72 unique after dedupe pass), 0/72 carry a release date
2026-10-06 18:54:41 | INFO    | itch_scraper | wrote Combined=72 rows, Steam=0 rows, Itch=72 rows -> /workspace/output/workbook.xlsx
2026-10-06 19:04:28 | INFO    | itch_scraper | starting combined scrape | sources=[] | pages<= 1
2026-10-06 19:04:28 | INFO    | itch_scraper | cache hit  https://itch.io/robots.txt (1468 s old)
2026-10-06 19:04:28 | INFO    | itch_scraper | robots.txt loaded (8 disallow rule(s): /embed/, /embed-upload/, /search, /checkout/, /game/download/, /bundle/download/, /register-for-purchase/, /email-feedback/)
2026-10-06 19:04:28 | INFO    | itch_scraper | cache hit  https://store.steampowered.com/robots.txt (1467 s old)
2026-10-06 19:04:28 | INFO    | itch_scraper | robots.txt loaded (9 disallow rule(s): /share/, /news/externalpost/, /account/emailoptout/?*token=, /account/notificationsettings/?*token=, /login/?*guestpasskey=, /join/?*redir=, /account/ackgift/, /email/, /widget/)
2026-10-06 19:04:28 | INFO    | itch_scraper | cache hit  https://store.steampowered.com/search/?category_2=21&sortBy=Desc&count=75 (588 s old)
2026-10-06 19:04:28 | INFO    | itch_scraper | steam: no result rows on https://store.steampowered.com/search/?category_2=21&sortBy=Desc&count=75 (end of list or layout change) - stopping
2026-10-06 19:04:28 | INFO    | itch_scraper | steam: collected 0 listing rows from 1 source(s)
2026-10-06 19:04:28 | INFO    | itch_scraper | cleaning: 0 raw -> 0 rows (0 unique after dedupe pass), 0/1 carry a release date
2026-10-06 19:04:28 | INFO    | itch_scraper | cache hit  https://itch.io/games/tag-horror (1465 s old)
2026-10-06 19:04:28 | INFO    | itch_scraper | page 1 of https://itch.io/games/tag-horror -> 36 games
2026-10-06 19:04:28 | INFO    | itch_scraper | cache hit  https://itch.io/games/newest/tag-horror (1462 s old)
2026-10-06 19:04:28 | INFO    | itch_scraper | page 1 of https://itch.io/games/newest/tag-horror -> 36 games
2026-10-06 19:04:28 | INFO    | itch_scraper | collected 72 listing rows from 2 source(s)
2026-10-06 19:04:28 | INFO    | itch_scraper | cleaning: 72 raw -> 72 rows (72 unique after dedupe pass), 0/72 carry a release date
2026-10-06 19:04:29 | INFO    | itch_scraper | wrote Combined=72 rows, Steam=0 rows, Itch=72 rows -> /workspace/output/workbook.xlsx
2026-10-06 14:45:13 | INFO    | itch_scraper | starting combined scrape | sources=[] | pages<= 3
2026-10-06 14:45:13 | INFO    | itch_scraper | cache hit  https://itch.io/robots.txt (3913 s old)
2026-10-06 14:45:13 | INFO    | itch_scraper | robots.txt loaded (8 disallow rule(s): /embed/, /embed-upload/, /search, /checkout/, /game/download/, /bundle/download/, /register-for-purchase/, /email-feedback/)
2026-10-06 14:45:13 | INFO    | itch_scraper | cache hit  https://store.steampowered.com/robots.txt (3912 s old)
2026-10-06 14:45:13 | INFO    | itch_scraper | robots.txt loaded (9 disallow rule(s): /share/, /news/externalpost/, /account/emailoptout/?*token=, /account/notificationsettings/?*token=, /login/?*guestpasskey=, /join/?*redir=, /account/ackgift/, /email/, /widget/)
2026-10-06 14:45:13 | INFO    | itch_scraper | cache hit  https://store.steampowered.com/search/?category_2=21&sortBy=Desc&count=75 (3033 s old)
2026-10-06 14:45:14 | INFO    | itch_scraper | steam: no result rows on https://store.steampowered.com/search/?category_2=21&sortBy=Desc&count=75 (end of list or layout change) - stopping
2026-10-06 14:45:14 | INFO    | itch_scraper | steam: collected 0 listing rows from 1 source(s)
2026-10-06 14:45:14 | INFO    | itch_scraper | cleaning: 0 raw -> 0 rows (0 unique after dedupe pass), 0/1 carry a release date
2026-10-06 14:45:14 | INFO    | itch_scraper | cache hit  https://itch.io/games/tag-horror (3910 s old)
2026-10-06 14:45:14 | INFO    | itch_scraper | page 1 of https://itch.io/games/tag-horror -> 36 games
2026-10-06 14:45:14 | INFO    | itch_scraper | cache hit  https://itch.io/?page=2 (3909 s old)
2026-10-06 14:45:14 | INFO    | itch_scraper | page 2 of https://itch.io/?page=2 -> 66 games
2026-10-06 14:45:14 | INFO    | itch_scraper | cache hit  https://itch.io/games/newest/tag-horror (3908 s old)
2026-10-06 14:45:14 | INFO    | itch_scraper | page 1 of https://itch.io/games/newest/tag-horror -> 36 games
2026-10-06 14:45:14 | INFO    | itch_scraper | cache hit  https://itch.io/?page=2 (3909 s old)
2026-10-06 14:45:14 | INFO    | itch_scraper | page 2 of https://itch.io/?page=2 -> 66 games
2026-10-06 14:45:14 | INFO    | itch_scraper | collected 204 listing rows from 2 source(s)
2026-10-06 14:45:14 | INFO    | itch_scraper | detail requests capped at 120 of 133 unique games
2026-10-06 14:45:14 | INFO    | itch_scraper | cache hit  https://zieelane.itch.io/helping-your-boyfriend (3907 s old)
2026-10-06 14:45:14 | INFO    | itch_scraper | cache hit  https://posmnaut.itch.io/pig-iron (3905 s old)
2026-10-06 14:45:14 | INFO    | itch_scraper | cache hit  https://entityzeta.itch.io/caso-northport (3904 s old)
2026-10-06 14:45:14 | INFO    | itch_scraper | cache hit  https://the-blue-hatted.itch.io/fnaftheflipside (3902 s old)
2026-10-06 14:45:14 | INFO    | itch_scraper | cache hit  https://junekazoo.itch.io/bleeding-in-ink (3901 s old)
2026-10-06 14:45:14 | INFO    | itch_scraper | cache hit  https://3005jin.itch.io/sweet-instincts (3899 s old)
2026-10-06 14:45:14 | INFO    | itch_scraper | cache hit  https://garula.itch.io/the-freak-circus (3898 s old)
2026-10-06 14:45:14 | INFO    | itch_scraper | cache hit  https://mrdrnose.itch.io/votv (3896 s old)
2026-10-06 14:45:14 | INFO    | itch_scraper | cache hit  https://nukepop.itch.io/save-the-shapes-chapter-2-diamonds-revenge (3894 s old)
2026-10-06 14:45:14 | INFO    | itch_scraper | cache hit  https://mookichuu.itch.io/overdose (3893 s old)
2026-10-06 14:45:14 | INFO    | itch_scraper | cache hit  https://ossuario.itch.io/my-own-sweet-dionaea (3891 s old)
2026-10-06 14:45:14 | INFO    | itch_scraper | cache hit  https://xlaucifer.itch.io/remember (3890 s old)
2026-10-06 14:45:14 | INFO    | itch_scraper | cache hit  https://teamsalvato.itch.io/ddlc (3889 s old)
2026-10-06 14:45:14 | INFO    | itch_scraper | cache hit  https://dacuriblue.itch.io/thegardener (3888 s old)
2026-10-06 14:45:14 | INFO    | itch_scraper | cache hit  https://comfortkuma.itch.io/next-station-the-moon (3887 s old)
2026-10-06 14:45:14 | INFO    | itch_scraper | cache hit  https://cutiesai.itch.io/14dayswithyou (3886 s old)
2026-10-06 14:45:14 | INFO    | itch_scraper | cache hit  https://iamderlencer.itch.io/keep-it-on (3884 s old)
2026-10-06 14:45:14 | INFO    | itch_scraper | cache hit  https://selyk-alien.itch.io/obsession (3883 s old)
2026-10-06 14:45:14 | INFO    | itch_scraper | cache hit  https://redspringstudio.itch.io/touchstarved (3882 s old)
2026-10-06 14:45:14 | INFO    | itch_scraper | cache hit  https://sourmiiiilk.itch.io/online-obsession (3881 s old)
2026-10-06 14:45:14 | INFO    | itch_scraper | details: 20/120 fetched
2026-10-06 14:45:14 | INFO    | itch_scraper | cache hit  https://livingslime.itch.io/prescriptionlove (3879 s old)
2026-10-06 14:45:14 | INFO    | itch_scraper | cache hit  https://puppetcombo.itch.io/nun-massacre (3877 s old)
2026-10-06 14:45:14 | INFO    | itch_scraper | cache hit  https://zv-games.itch.io/roseandcross (3876 s old)
2026-10-06 14:45:14 | INFO    | itch_scraper | cache hit  https://raycastly.itch.io/stoned (3874 s old)
2026-10-06 14:45:14 | INFO    | itch_scraper | cache hit  https://llonelly.itch.io/jackknife (3873 s old)
2026-10-06 14:45:14 | INFO    | itch_scraper | cache hit  https://comfortkuma.itch.io/knee-deep (3871 s old)
2026-10-06 14:45:14 | INFO    | itch_scraper | cache hit  https://arghbulous.itch.io/the-muzeum (3870 s old)
2026-10-06 14:45:14 | INFO    | itch_scraper | cache hit  https://eternal-kosetsu.itch.io/burnt-toast (3868 s old)
2026-10-06 14:45:15 | INFO    | itch_scraper | cache hit  https://kittyhorrorshow.itch.io/anatomy (3866 s old)
2026-10-06 14:45:15 | INFO    | itch_scraper | cache hit  https://thewindyproject.itch.io/bleach-and-blood (3865 s old)
2026-10-06 14:45:15 | INFO    | itch_scraper | cache hit  https://nso9019.itch.io/roam (3863 s old)
2026-10-06 14:45:15 | INFO    | itch_scraper | cache hit  https://racheldrawsthis.itch.io/elevator-hitch (3861 s old)
2026-10-06 14:45:15 | INFO    | itch_scraper | cache hit  https://oxtord.itch.io/mrtomatos (3860 s old)
2026-10-06 14:45:15 | INFO    | itch_scraper | cache hit  https://racheldrawsthis.itch.io/dead-plate (3858 s old)
2026-10-06 14:45:15 | INFO    | itch_scraper | cache hit  https://sfour-s4.itch.io/how-to-date-an-entity (3857 s old)
2026-10-06 14:45:15 | INFO    | itch_scraper | cache hit  https://colourplay-games.itch.io/the-arcade-demo (3856 s old)
2026-10-06 14:45:15 | INFO    | itch_scraper | cache hit  https://oddly-shaped-pixels.itch.io/alpine (3854 s old)
2026-10-06 14:45:15 | INFO    | itch_scraper | cache hit  https://dalichrome.itch.io/house-rules (3852 s old)
2026-10-06 14:45:15 | INFO    | itch_scraper | cache hit  https://prettyscar.itch.io/uppercute (3850 s old)
2026-10-06 14:45:15 | INFO    | itch_scraper | cache hit  https://galaxytrail.itch.io/petal-crash-2 (3849 s old)
2026-10-06 14:45:15 | INFO    | itch_scraper | details: 40/120 fetched
2026-10-06 14:45:15 | INFO    | itch_scraper | cache hit  https://placeholders.itch.io/tiny-brutalism (3848 s old)
2026-10-06 14:45:15 | INFO    | itch_scraper | cache hit  https://cartomancyanthology.itch.io/cartomancy-anthology (3847 s old)
2026-10-06 14:45:15 | INFO    | itch_scraper | cache hit  https://pizzapranks.itch.io/indiepocalypse-81 (3845 s old)
2026-10-06 14:45:15 | INFO    | itch_scraper | cache hit  https://eastshadestudios.itch.io/songs-of-glimmerwick (3843 s old)
2026-10-06 14:45:15 | INFO    | itch_scraper | cache hit  https://molleindustria.itch.io/future-no-thanks (3842 s old)
2026-10-06 14:45:15 | INFO    | itch_scraper | cache hit  https://punkcake.itch.io/spaghetti-celesti (3840 s old)
2026-10-06 14:45:15 | INFO    | itch_scraper | cache hit  https://managore.itch.io/throrbs (3839 s old)
2026-10-06 14:45:15 | INFO    | itch_scraper | cache hit  https://dialobic.itch.io/swamp-and-luig (3837 s old)
2026-10-06 14:45:15 | INFO    | itch_scraper | cache hit  https://psytronik.itch.io/joa (3836 s old)
2026-10-06 14:45:15 | INFO    | itch_scraper | cache hit  https://leafo.itch.io/rock-declutterer (3834 s old)
2026-10-06 14:45:15 | INFO    | itch_scraper | cache hit  https://dionous.itch.io/murder-on-space-station-52 (3833 s old)
2026-10-06 14:45:15 | INFO    | itch_scraper | cache hit  https://fallahn.itch.io/super-video-golf (3832 s old)
2026-10-06 14:45:15 | INFO    | itch_scraper | cache hit  https://sitrex.itch.io/eat-not-want-not (3830 s old)
2026-10-06 14:45:15 | INFO    | itch_scraper | cache hit  https://akuparagames.itch.io/montabi (3828 s old)
2026-10-06 14:45:15 | INFO    | itch_scraper | cache hit  https://npjarcade.itch.io/sharpest-spear (3819 s old)
2026-10-06 14:45:15 | INFO    | itch_scraper | cache hit  https://sos.itch.io/lazy-kickers (3817 s old)
2026-10-06 14:45:15 | INFO    | itch_scraper | cache hit  https://ebihime.itch.io/my-darling-dark-elf (3815 s old)
2026-10-06 14:45:15 | INFO    | itch_scraper | cache hit  https://yng8studios.itch.io/inkarn8-first-pages (3814 s old)
2026-10-06 14:45:15 | INFO    | itch_scraper | cache hit  https://cosmicvoid.itch.io/tommy-gun-marionettes (3813 s old)
2026-10-06 14:45:15 | INFO    | itch_scraper | cache hit  https://stelladevt.itch.io/chat-is-cooked (3811 s old)
2026-10-06 14:45:15 | INFO    | itch_scraper | details: 60/120 fetched
2026-10-06 14:45:15 | INFO    | itch_scraper | cache hit  https://polypaw.itch.io/the-no-jumpscare-show (3810 s old)
2026-10-06 14:45:15 | INFO    | itch_scraper | cache hit  https://freshwaterfern.itch.io/bring-me-hope (3808 s old)
2026-10-06 14:45:15 | INFO    | itch_scraper | cache hit  https://crazygrouptrio.itch.io/the-mariana-sequence (3806 s old)
2026-10-06 14:45:15 | INFO    | itch_scraper | cache hit  https://featurekreep.itch.io/cozy-coco-catcher (3805 s old)
2026-10-06 14:45:15 | INFO    | itch_scraper | cache hit  https://ameblohsh.itch.io/about-time (3803 s old)
2026-10-06 14:45:15 | INFO    | itch_scraper | cache hit  https://ebihime.itch.io/studied-seduction (3801 s old)
2026-10-06 14:45:15 | INFO    | itch_scraper | cache hit  https://kenney.itch.io/little-troubles-in-spooky-town (3799 s old)
2026-10-06 14:45:15 | INFO    | itch_scraper | cache hit  https://digitarium.itch.io/lockpicks-11 (3798 s old)
2026-10-06 14:45:15 | INFO    | itch_scraper | cache hit  https://assemble-entertainment.itch.io/breakout-baby (3797 s old)
2026-10-06 14:45:15 | INFO    | itch_scraper | cache hit  https://not-here-not-there.itch.io/goodfolkcafe (3796 s old)
2026-10-06 14:45:16 | INFO    | itch_scraper | cache hit  https://thinkycollective.itch.io/the-snake (3795 s old)
2026-10-06 14:45:16 | INFO    | itch_scraper | cache hit  https://eliscz.itch.io/behind-the-broadcast (3793 s old)
2026-10-06 14:45:16 | INFO    | itch_scraper | cache hit  https://octavinavarro.itch.io/midnight-scenes-the-highway (3792 s old)
2026-10-06 14:45:16 | INFO    | itch_scraper | cache hit  https://skydome.itch.io/thehive (3790 s old)
2026-10-06 14:45:16 | INFO    | itch_scraper | cache hit  https://kindanice.itch.io/death-spiral (3789 s old)
2026-10-06 14:45:16 | INFO    | itch_scraper | cache hit  https://funday-games.itch.io/scritchy-scratchy (3787 s old)
2026-10-06 14:45:16 | INFO    | itch_scraper | cache hit  https://blizzardfan.itch.io/give-me-your-hand (3786 s old)
2026-10-06 14:45:16 | INFO    | itch_scraper | cache hit  https://steamberry.itch.io/thornewood (3785 s old)
2026-10-06 14:45:16 | INFO    | itch_scraper | cache hit  https://aetheredge-studios.itch.io/word-chain (3783 s old)
2026-10-06 14:45:16 | INFO    | itch_scraper | cache hit  https://hugimugi7.itch.io/quackyard (3782 s old)
2026-10-06 14:45:16 | INFO    | itch_scraper | details: 80/120 fetched
2026-10-06 14:45:16 | INFO    | itch_scraper | cache hit  https://isoplod.itch.io/wejba-we-exist-just-to-be-alive (3781 s old)
2026-10-06 14:45:16 | INFO    | itch_scraper | cache hit  https://lyamgtt.itch.io/magical-greenhouse (3779 s old)
2026-10-06 14:45:16 | INFO    | itch_scraper | cache hit  https://benjames171.itch.io/ghostbusters (3778 s old)
2026-10-06 14:45:16 | INFO    | itch_scraper | cache hit  https://stelladevt.itch.io/spooktober-jam (3776 s old)
2026-10-06 14:45:16 | INFO    | itch_scraper | cache hit  https://thepensword64.itch.io/sirens-call-second-wind (3774 s old)
2026-10-06 14:45:16 | INFO    | itch_scraper | cache hit  https://maximjdev.itch.io/nature-hike (3773 s old)
2026-10-06 14:45:16 | INFO    | itch_scraper | cache hit  https://digitaldesigndude.itch.io/biodie (3772 s old)
2026-10-06 14:45:16 | INFO    | itch_scraper | cache hit  https://cachecarti.itch.io/risk-of-ruin (3771 s old)
2026-10-06 14:45:16 | INFO    | itch_scraper | cache hit  https://tibbagames.itch.io/stellarmess2 (3769 s old)
2026-10-06 14:45:16 | INFO    | itch_scraper | cache hit  https://futotori.itch.io/the-commander-cant-communicate (3767 s old)
2026-10-06 14:45:16 | INFO    | itch_scraper | cache hit  https://timany19.itch.io/cultivation-stories (3766 s old)
2026-10-06 14:45:16 | INFO    | itch_scraper | cache hit  https://silvergraingames.itch.io/veilhollow (3765 s old)
2026-10-06 14:45:16 | INFO    | itch_scraper | cache hit  https://mors-games.itch.io/sploob (3763 s old)
2026-10-06 14:45:16 | INFO    | itch_scraper | cache hit  https://itch.io/jam/mini-jam-221-autumn (3762 s old)
2026-10-06 14:45:16 | INFO    | itch_scraper | cache hit  https://itch.io/jam/gdevelop-big-game-jam-10 (3761 s old)
2026-10-06 14:45:16 | INFO    | itch_scraper | cache hit  https://itch.io/jam/metroidvania-month-34 (3759 s old)
2026-10-06 14:45:16 | INFO    | itch_scraper | cache hit  https://itch.io/jam/trijam-393 (3758 s old)
2026-10-06 14:45:16 | INFO    | itch_scraper | cache hit  https://itch.io/jam/lve-jam-2026-b-side (3756 s old)
2026-10-06 14:45:16 | INFO    | itch_scraper | cache hit  https://catiregames.itch.io/snuggle-nightmare-tung-tung-sahur-horror-story (3754 s old)
2026-10-06 14:45:16 | INFO    | itch_scraper | cache hit  https://tbnr8473.itch.io/get-out-now (3753 s old)
2026-10-06 14:45:16 | INFO    | itch_scraper | details: 100/120 fetched
2026-10-06 14:45:16 | INFO    | itch_scraper | cache hit  https://nextframe.itch.io/necrospire-demo (3751 s old)
2026-10-06 14:45:16 | INFO    | itch_scraper | cache hit  https://indie-horror-archive-666.itch.io/argames-full-archive (3749 s old)
2026-10-06 14:45:16 | INFO    | itch_scraper | cache hit  https://7minofchaos.itch.io/7min-of-chaos (3747 s old)
2026-10-06 14:45:16 | INFO    | itch_scraper | cache hit  https://sadfox.itch.io/already-here (3746 s old)
2026-10-06 14:45:16 | INFO    | itch_scraper | cache hit  https://somnatide-studio.itch.io/the-call-button (3744 s old)
2026-10-06 14:45:16 | INFO    | itch_scraper | cache hit  https://indie-horror-archive-666.itch.io/the-hospital-beta (3742 s old)
2026-10-06 14:45:16 | INFO    | itch_scraper | cache hit  https://lelandrangel.itch.io/noggin-of-the-dead (3741 s old)
2026-10-06 14:45:16 | INFO    | itch_scraper | cache hit  https://benjamingriffiths.itch.io/hr-hijinks (3739 s old)
2026-10-06 14:45:16 | INFO    | itch_scraper | cache hit  https://firedep.itch.io/zombietyper (3737 s old)
2026-10-06 14:45:16 | INFO    | itch_scraper | cache hit  https://baldyolive.itch.io/olive-tag-terror (3736 s old)
2026-10-06 14:45:16 | INFO    | itch_scraper | cache hit  https://swanteagames.itch.io/red-miserables (3734 s old)
2026-10-06 14:45:16 | INFO    | itch_scraper | cache hit  https://pieartsy.itch.io/the-more-you-feed-it (3732 s old)
2026-10-06 14:45:16 | INFO    | itch_scraper | cache hit  https://gennai.itch.io/free-rain-vfx-godot-4 (3731 s old)
2026-10-06 14:45:16 | INFO    | itch_scraper | cache hit  https://gennai.itch.io/weather-vfx-godot-4 (3730 s old)
2026-10-06 14:45:16 | INFO    | itch_scraper | cache hit  https://stampstqng551.itch.io/how-to-born-game (3729 s old)
2026-10-06 14:45:16 | INFO    | itch_scraper | cache hit  https://pykrete.itch.io/go-to-sleep (3727 s old)
2026-10-06 14:45:23 | INFO    | itch_scraper | details: 120/120 fetched
2026-10-06 14:45:23 | INFO    | itch_scraper | cleaning: 133 raw -> 133 rows (133 unique after dedupe pass), 0/133 carry a release date
2026-10-06 14:45:27 | INFO    | itch_scraper | wrote Combined=133 rows, Steam=0 rows, Itch=133 rows -> C:\Users\conno\Documents\GitHub\Codes\Horror-Scraper\output\workbook.xlsx
2026-10-06 14:52:01 | INFO    | itch_scraper | starting combined scrape | sources=[] | pages<= 3
2026-10-06 14:52:01 | INFO    | itch_scraper | cache hit  https://itch.io/robots.txt (4321 s old)
2026-10-06 14:52:01 | INFO    | itch_scraper | robots.txt loaded (8 disallow rule(s): /embed/, /embed-upload/, /search, /checkout/, /game/download/, /bundle/download/, /register-for-purchase/, /email-feedback/)
2026-10-06 14:52:01 | INFO    | itch_scraper | cache hit  https://store.steampowered.com/robots.txt (4320 s old)
2026-10-06 14:52:01 | INFO    | itch_scraper | robots.txt loaded (9 disallow rule(s): /share/, /news/externalpost/, /account/emailoptout/?*token=, /account/notificationsettings/?*token=, /login/?*guestpasskey=, /join/?*redir=, /account/ackgift/, /email/, /widget/)
2026-10-06 14:52:01 | INFO    | itch_scraper | cache hit  https://store.steampowered.com/search/?category_2=21&sortBy=Desc&count=75 (3441 s old)
2026-10-06 14:52:02 | INFO    | itch_scraper | steam: no result rows on https://store.steampowered.com/search/?category_2=21&sortBy=Desc&count=75 (end of list or layout change) - stopping
2026-10-06 14:52:02 | INFO    | itch_scraper | steam: collected 0 listing rows from 1 source(s)
2026-10-06 14:52:02 | INFO    | itch_scraper | cleaning: 0 raw -> 0 rows (0 unique after dedupe pass), 0/1 carry a release date
2026-10-06 14:52:02 | INFO    | itch_scraper | cache hit  https://itch.io/games/tag-horror (4318 s old)
2026-10-06 14:52:02 | INFO    | itch_scraper | page 1 of https://itch.io/games/tag-horror -> 36 games
2026-10-06 14:52:02 | INFO    | itch_scraper | cache hit  https://itch.io/?page=2 (4317 s old)
2026-10-06 14:52:02 | INFO    | itch_scraper | page 2 of https://itch.io/?page=2 -> 66 games
2026-10-06 14:52:02 | INFO    | itch_scraper | cache hit  https://itch.io/games/newest/tag-horror (4316 s old)
2026-10-06 14:52:02 | INFO    | itch_scraper | page 1 of https://itch.io/games/newest/tag-horror -> 36 games
2026-10-06 14:52:02 | INFO    | itch_scraper | cache hit  https://itch.io/?page=2 (4317 s old)
2026-10-06 14:52:02 | INFO    | itch_scraper | page 2 of https://itch.io/?page=2 -> 66 games
2026-10-06 14:52:02 | INFO    | itch_scraper | collected 204 listing rows from 2 source(s)
2026-10-06 14:52:02 | INFO    | itch_scraper | detail requests capped at 120 of 133 unique games
2026-10-06 14:52:02 | INFO    | itch_scraper | cache hit  https://zieelane.itch.io/helping-your-boyfriend (4315 s old)
2026-10-06 14:52:02 | INFO    | itch_scraper | cache hit  https://posmnaut.itch.io/pig-iron (4313 s old)
2026-10-06 14:52:02 | INFO    | itch_scraper | cache hit  https://entityzeta.itch.io/caso-northport (4312 s old)
2026-10-06 14:52:02 | INFO    | itch_scraper | cache hit  https://the-blue-hatted.itch.io/fnaftheflipside (4310 s old)
2026-10-06 14:52:02 | INFO    | itch_scraper | cache hit  https://junekazoo.itch.io/bleeding-in-ink (4309 s old)
2026-10-06 14:52:02 | INFO    | itch_scraper | cache hit  https://3005jin.itch.io/sweet-instincts (4307 s old)
2026-10-06 14:52:02 | INFO    | itch_scraper | cache hit  https://garula.itch.io/the-freak-circus (4306 s old)
2026-10-06 14:52:02 | INFO    | itch_scraper | cache hit  https://mrdrnose.itch.io/votv (4304 s old)
2026-10-06 14:52:02 | INFO    | itch_scraper | cache hit  https://nukepop.itch.io/save-the-shapes-chapter-2-diamonds-revenge (4302 s old)
2026-10-06 14:52:02 | INFO    | itch_scraper | cache hit  https://mookichuu.itch.io/overdose (4302 s old)
2026-10-06 14:52:02 | INFO    | itch_scraper | cache hit  https://ossuario.itch.io/my-own-sweet-dionaea (4299 s old)
2026-10-06 14:52:02 | INFO    | itch_scraper | cache hit  https://xlaucifer.itch.io/remember (4299 s old)
2026-10-06 14:52:02 | INFO    | itch_scraper | cache hit  https://teamsalvato.itch.io/ddlc (4297 s old)
2026-10-06 14:52:02 | INFO    | itch_scraper | cache hit  https://dacuriblue.itch.io/thegardener (4296 s old)
2026-10-06 14:52:02 | INFO    | itch_scraper | cache hit  https://comfortkuma.itch.io/next-station-the-moon (4295 s old)
2026-10-06 14:52:02 | INFO    | itch_scraper | cache hit  https://cutiesai.itch.io/14dayswithyou (4294 s old)
2026-10-06 14:52:02 | INFO    | itch_scraper | cache hit  https://iamderlencer.itch.io/keep-it-on (4293 s old)
2026-10-06 14:52:02 | INFO    | itch_scraper | cache hit  https://selyk-alien.itch.io/obsession (4292 s old)
2026-10-06 14:52:02 | INFO    | itch_scraper | cache hit  https://redspringstudio.itch.io/touchstarved (4290 s old)
2026-10-06 14:52:02 | INFO    | itch_scraper | cache hit  https://sourmiiiilk.itch.io/online-obsession (4289 s old)
2026-10-06 14:52:02 | INFO    | itch_scraper | details: 20/120 fetched
2026-10-06 14:52:02 | INFO    | itch_scraper | cache hit  https://livingslime.itch.io/prescriptionlove (4287 s old)
2026-10-06 14:52:02 | INFO    | itch_scraper | cache hit  https://puppetcombo.itch.io/nun-massacre (4285 s old)
2026-10-06 14:52:03 | INFO    | itch_scraper | cache hit  https://zv-games.itch.io/roseandcross (4284 s old)
2026-10-06 14:52:03 | INFO    | itch_scraper | cache hit  https://raycastly.itch.io/stoned (4282 s old)
2026-10-06 14:52:03 | INFO    | itch_scraper | cache hit  https://llonelly.itch.io/jackknife (4281 s old)
2026-10-06 14:52:03 | INFO    | itch_scraper | cache hit  https://comfortkuma.itch.io/knee-deep (4280 s old)
2026-10-06 14:52:03 | INFO    | itch_scraper | cache hit  https://arghbulous.itch.io/the-muzeum (4278 s old)
2026-10-06 14:52:03 | INFO    | itch_scraper | cache hit  https://eternal-kosetsu.itch.io/burnt-toast (4276 s old)
2026-10-06 14:52:03 | INFO    | itch_scraper | cache hit  https://kittyhorrorshow.itch.io/anatomy (4275 s old)
2026-10-06 14:52:03 | INFO    | itch_scraper | cache hit  https://thewindyproject.itch.io/bleach-and-blood (4273 s old)
2026-10-06 14:52:03 | INFO    | itch_scraper | cache hit  https://nso9019.itch.io/roam (4271 s old)
2026-10-06 14:52:03 | INFO    | itch_scraper | cache hit  https://racheldrawsthis.itch.io/elevator-hitch (4269 s old)
2026-10-06 14:52:03 | INFO    | itch_scraper | cache hit  https://oxtord.itch.io/mrtomatos (4268 s old)
2026-10-06 14:52:03 | INFO    | itch_scraper | cache hit  https://racheldrawsthis.itch.io/dead-plate (4267 s old)
2026-10-06 14:52:03 | INFO    | itch_scraper | cache hit  https://sfour-s4.itch.io/how-to-date-an-entity (4265 s old)
2026-10-06 14:52:03 | INFO    | itch_scraper | cache hit  https://colourplay-games.itch.io/the-arcade-demo (4264 s old)
2026-10-06 14:52:03 | INFO    | itch_scraper | cache hit  https://oddly-shaped-pixels.itch.io/alpine (4263 s old)
2026-10-06 14:52:03 | INFO    | itch_scraper | cache hit  https://dalichrome.itch.io/house-rules (4260 s old)
2026-10-06 14:52:03 | INFO    | itch_scraper | cache hit  https://prettyscar.itch.io/uppercute (4259 s old)
2026-10-06 14:52:03 | INFO    | itch_scraper | cache hit  https://galaxytrail.itch.io/petal-crash-2 (4258 s old)
2026-10-06 14:52:03 | INFO    | itch_scraper | details: 40/120 fetched
2026-10-06 14:52:03 | INFO    | itch_scraper | cache hit  https://placeholders.itch.io/tiny-brutalism (4257 s old)
2026-10-06 14:52:03 | INFO    | itch_scraper | cache hit  https://cartomancyanthology.itch.io/cartomancy-anthology (4255 s old)
2026-10-06 14:52:03 | INFO    | itch_scraper | cache hit  https://pizzapranks.itch.io/indiepocalypse-81 (4253 s old)
2026-10-06 14:52:03 | INFO    | itch_scraper | cache hit  https://eastshadestudios.itch.io/songs-of-glimmerwick (4252 s old)
2026-10-06 14:52:03 | INFO    | itch_scraper | cache hit  https://molleindustria.itch.io/future-no-thanks (4250 s old)
2026-10-06 14:52:03 | INFO    | itch_scraper | cache hit  https://punkcake.itch.io/spaghetti-celesti (4248 s old)
2026-10-06 14:52:03 | INFO    | itch_scraper | cache hit  https://managore.itch.io/throrbs (4247 s old)
2026-10-06 14:52:03 | INFO    | itch_scraper | cache hit  https://dialobic.itch.io/swamp-and-luig (4246 s old)
2026-10-06 14:52:03 | INFO    | itch_scraper | cache hit  https://psytronik.itch.io/joa (4244 s old)
2026-10-06 14:52:03 | INFO    | itch_scraper | cache hit  https://leafo.itch.io/rock-declutterer (4243 s old)
2026-10-06 14:52:04 | INFO    | itch_scraper | cache hit  https://dionous.itch.io/murder-on-space-station-52 (4242 s old)
2026-10-06 14:52:04 | INFO    | itch_scraper | cache hit  https://fallahn.itch.io/super-video-golf (4240 s old)
2026-10-06 14:52:04 | INFO    | itch_scraper | cache hit  https://sitrex.itch.io/eat-not-want-not (4239 s old)
2026-10-06 14:52:04 | INFO    | itch_scraper | cache hit  https://akuparagames.itch.io/montabi (4237 s old)
2026-10-06 14:52:04 | INFO    | itch_scraper | cache hit  https://npjarcade.itch.io/sharpest-spear (4227 s old)
2026-10-06 14:52:04 | INFO    | itch_scraper | cache hit  https://sos.itch.io/lazy-kickers (4225 s old)
2026-10-06 14:52:04 | INFO    | itch_scraper | cache hit  https://ebihime.itch.io/my-darling-dark-elf (4224 s old)
2026-10-06 14:52:04 | INFO    | itch_scraper | cache hit  https://yng8studios.itch.io/inkarn8-first-pages (4223 s old)
2026-10-06 14:52:04 | INFO    | itch_scraper | cache hit  https://cosmicvoid.itch.io/tommy-gun-marionettes (4221 s old)
2026-10-06 14:52:04 | INFO    | itch_scraper | cache hit  https://stelladevt.itch.io/chat-is-cooked (4220 s old)
2026-10-06 14:52:04 | INFO    | itch_scraper | details: 60/120 fetched
2026-10-06 14:52:04 | INFO    | itch_scraper | cache hit  https://polypaw.itch.io/the-no-jumpscare-show (4218 s old)
2026-10-06 14:52:04 | INFO    | itch_scraper | cache hit  https://freshwaterfern.itch.io/bring-me-hope (4216 s old)
2026-10-06 14:52:04 | INFO    | itch_scraper | cache hit  https://crazygrouptrio.itch.io/the-mariana-sequence (4215 s old)
2026-10-06 14:52:04 | INFO    | itch_scraper | cache hit  https://featurekreep.itch.io/cozy-coco-catcher (4213 s old)
2026-10-06 14:52:04 | INFO    | itch_scraper | cache hit  https://ameblohsh.itch.io/about-time (4212 s old)
2026-10-06 14:52:04 | INFO    | itch_scraper | cache hit  https://ebihime.itch.io/studied-seduction (4210 s old)
2026-10-06 14:52:04 | INFO    | itch_scraper | cache hit  https://kenney.itch.io/little-troubles-in-spooky-town (4208 s old)
2026-10-06 14:52:04 | INFO    | itch_scraper | cache hit  https://digitarium.itch.io/lockpicks-11 (4207 s old)
2026-10-06 14:52:04 | INFO    | itch_scraper | cache hit  https://assemble-entertainment.itch.io/breakout-baby (4206 s old)
2026-10-06 14:52:04 | INFO    | itch_scraper | cache hit  https://not-here-not-there.itch.io/goodfolkcafe (4205 s old)
2026-10-06 14:52:04 | INFO    | itch_scraper | cache hit  https://thinkycollective.itch.io/the-snake (4203 s old)
2026-10-06 14:52:04 | INFO    | itch_scraper | cache hit  https://eliscz.itch.io/behind-the-broadcast (4201 s old)
2026-10-06 14:52:04 | INFO    | itch_scraper | cache hit  https://octavinavarro.itch.io/midnight-scenes-the-highway (4200 s old)
2026-10-06 14:52:04 | INFO    | itch_scraper | cache hit  https://skydome.itch.io/thehive (4199 s old)
2026-10-06 14:52:04 | INFO    | itch_scraper | cache hit  https://kindanice.itch.io/death-spiral (4198 s old)
2026-10-06 14:52:04 | INFO    | itch_scraper | cache hit  https://funday-games.itch.io/scritchy-scratchy (4196 s old)
2026-10-06 14:52:04 | INFO    | itch_scraper | cache hit  https://blizzardfan.itch.io/give-me-your-hand (4195 s old)
2026-10-06 14:52:04 | INFO    | itch_scraper | cache hit  https://steamberry.itch.io/thornewood (4193 s old)
2026-10-06 14:52:04 | INFO    | itch_scraper | cache hit  https://aetheredge-studios.itch.io/word-chain (4192 s old)
2026-10-06 14:52:04 | INFO    | itch_scraper | cache hit  https://hugimugi7.itch.io/quackyard (4191 s old)
2026-10-06 14:52:04 | INFO    | itch_scraper | details: 80/120 fetched
2026-10-06 14:52:04 | INFO    | itch_scraper | cache hit  https://isoplod.itch.io/wejba-we-exist-just-to-be-alive (4190 s old)
2026-10-06 14:52:04 | INFO    | itch_scraper | cache hit  https://lyamgtt.itch.io/magical-greenhouse (4188 s old)
2026-10-06 14:52:04 | INFO    | itch_scraper | cache hit  https://benjames171.itch.io/ghostbusters (4186 s old)
2026-10-06 14:52:04 | INFO    | itch_scraper | cache hit  https://stelladevt.itch.io/spooktober-jam (4185 s old)
2026-10-06 14:52:04 | INFO    | itch_scraper | cache hit  https://thepensword64.itch.io/sirens-call-second-wind (4183 s old)
2026-10-06 14:52:04 | INFO    | itch_scraper | cache hit  https://maximjdev.itch.io/nature-hike (4182 s old)
2026-10-06 14:52:04 | INFO    | itch_scraper | cache hit  https://digitaldesigndude.itch.io/biodie (4181 s old)
2026-10-06 14:52:04 | INFO    | itch_scraper | cache hit  https://cachecarti.itch.io/risk-of-ruin (4180 s old)
2026-10-06 14:52:04 | INFO    | itch_scraper | cache hit  https://tibbagames.itch.io/stellarmess2 (4178 s old)
2026-10-06 14:52:04 | INFO    | itch_scraper | cache hit  https://futotori.itch.io/the-commander-cant-communicate (4176 s old)
2026-10-06 14:52:04 | INFO    | itch_scraper | cache hit  https://timany19.itch.io/cultivation-stories (4175 s old)
2026-10-06 14:52:04 | INFO    | itch_scraper | cache hit  https://silvergraingames.itch.io/veilhollow (4173 s old)
2026-10-06 14:52:04 | INFO    | itch_scraper | cache hit  https://mors-games.itch.io/sploob (4172 s old)
2026-10-06 14:52:05 | INFO    | itch_scraper | cache hit  https://itch.io/jam/mini-jam-221-autumn (4171 s old)
2026-10-06 14:52:05 | INFO    | itch_scraper | cache hit  https://itch.io/jam/gdevelop-big-game-jam-10 (4169 s old)
2026-10-06 14:52:05 | INFO    | itch_scraper | cache hit  https://itch.io/jam/metroidvania-month-34 (4168 s old)
2026-10-06 14:52:05 | INFO    | itch_scraper | cache hit  https://itch.io/jam/trijam-393 (4167 s old)
2026-10-06 14:52:05 | INFO    | itch_scraper | cache hit  https://itch.io/jam/lve-jam-2026-b-side (4165 s old)
2026-10-06 14:52:05 | INFO    | itch_scraper | cache hit  https://catiregames.itch.io/snuggle-nightmare-tung-tung-sahur-horror-story (4163 s old)
2026-10-06 14:52:05 | INFO    | itch_scraper | cache hit  https://tbnr8473.itch.io/get-out-now (4162 s old)
2026-10-06 14:52:05 | INFO    | itch_scraper | details: 100/120 fetched
2026-10-06 14:52:05 | INFO    | itch_scraper | cache hit  https://nextframe.itch.io/necrospire-demo (4159 s old)
2026-10-06 14:52:05 | INFO    | itch_scraper | cache hit  https://indie-horror-archive-666.itch.io/argames-full-archive (4158 s old)
2026-10-06 14:52:05 | INFO    | itch_scraper | cache hit  https://7minofchaos.itch.io/7min-of-chaos (4156 s old)
2026-10-06 14:52:05 | INFO    | itch_scraper | cache hit  https://sadfox.itch.io/already-here (4154 s old)
2026-10-06 14:52:05 | INFO    | itch_scraper | cache hit  https://somnatide-studio.itch.io/the-call-button (4153 s old)
2026-10-06 14:52:05 | INFO    | itch_scraper | cache hit  https://indie-horror-archive-666.itch.io/the-hospital-beta (4151 s old)
2026-10-06 14:52:05 | INFO    | itch_scraper | cache hit  https://lelandrangel.itch.io/noggin-of-the-dead (4149 s old)
2026-10-06 14:52:05 | INFO    | itch_scraper | cache hit  https://benjamingriffiths.itch.io/hr-hijinks (4147 s old)
2026-10-06 14:52:05 | INFO    | itch_scraper | cache hit  https://firedep.itch.io/zombietyper (4146 s old)
2026-10-06 14:52:05 | INFO    | itch_scraper | cache hit  https://baldyolive.itch.io/olive-tag-terror (4144 s old)
2026-10-06 14:52:05 | INFO    | itch_scraper | cache hit  https://swanteagames.itch.io/red-miserables (4142 s old)
2026-10-06 14:52:05 | INFO    | itch_scraper | cache hit  https://pieartsy.itch.io/the-more-you-feed-it (4141 s old)
2026-10-06 14:52:05 | INFO    | itch_scraper | cache hit  https://gennai.itch.io/free-rain-vfx-godot-4 (4139 s old)
2026-10-06 14:52:05 | INFO    | itch_scraper | cache hit  https://gennai.itch.io/weather-vfx-godot-4 (4138 s old)
2026-10-06 14:52:05 | INFO    | itch_scraper | cache hit  https://stampstqng551.itch.io/how-to-born-game (4137 s old)
2026-10-06 14:52:05 | INFO    | itch_scraper | cache hit  https://pykrete.itch.io/go-to-sleep (4135 s old)
2026-10-06 14:52:05 | INFO    | itch_scraper | cache hit  https://tylersfungames.itch.io/horror-escape (406 s old)
2026-10-06 14:52:05 | INFO    | itch_scraper | cache hit  https://samukagomes.itch.io/tape-b666-elsewhere (404 s old)
2026-10-06 14:52:05 | INFO    | itch_scraper | cache hit  https://tonkatsu-no-game.itch.io/human-catcher (403 s old)
2026-10-06 14:52:05 | INFO    | itch_scraper | cache hit  https://maxingam-palace.itch.io/reminice (401 s old)
2026-10-06 14:52:05 | INFO    | itch_scraper | details: 120/120 fetched
2026-10-06 14:52:05 | INFO    | itch_scraper | cleaning: 133 raw -> 133 rows (133 unique after dedupe pass), 0/133 carry a release date
2026-10-06 14:52:06 | INFO    | itch_scraper | wrote Combined=133 rows, Steam=0 rows, Itch=133 rows -> C:\Users\conno\Documents\GitHub\Codes\Horror-Scraper\output\workbook.xlsx
